Initializing Vector...
done!

Find min, max and range: 0.000036 secs
Create/Fill buckets and reallocate memory: 0.000148 secs
Sort buckets: 0.000076 secs
Put on the original array and free buckets: 0.000042 secs

Wall clock time: 0.000345 secs
Vector is sort...Valid result.
That's all, folks
Initializing Vector...
done!

Find min, max and range: 0.000029 secs
Create/Fill buckets and reallocate memory: 0.000139 secs
Sort buckets: 0.000062 secs
Put on the original array and free buckets: 0.000043 secs

Wall clock time: 0.000315 secs
Vector is sort...Valid result.
That's all, folks
Initializing Vector...
done!

Find min, max and range: 0.000029 secs
Create/Fill buckets and reallocate memory: 0.000140 secs
Sort buckets: 0.000062 secs
Put on the original array and free buckets: 0.000059 secs

Wall clock time: 0.000333 secs
Vector is sort...Valid result.
That's all, folks
Initializing Vector...
done!

Find min, max and range: 0.000028 secs
Create/Fill buckets and reallocate memory: 0.000151 secs
Sort buckets: 0.000069 secs
Put on the original array and free buckets: 0.000058 secs

Wall clock time: 0.000347 secs
Vector is sort...Valid result.
That's all, folks
Initializing Vector...
done!

Find min, max and range: 0.000028 secs
Create/Fill buckets and reallocate memory: 0.000150 secs
Sort buckets: 0.000070 secs
Put on the original array and free buckets: 0.000059 secs

Wall clock time: 0.000347 secs
Vector is sort...Valid result.
That's all, folks
Initializing Vector...
done!

Find min, max and range: 0.000029 secs
Create/Fill buckets and reallocate memory: 0.000151 secs
Sort buckets: 0.000070 secs
Put on the original array and free buckets: 0.000062 secs

Wall clock time: 0.000365 secs
Vector is sort...Valid result.
That's all, folks
Initializing Vector...
done!

Find min, max and range: 0.000028 secs
Create/Fill buckets and reallocate memory: 0.000164 secs
Sort buckets: 0.000087 secs
Put on the original array and free buckets: 0.000092 secs

Wall clock time: 0.000410 secs
Vector is sort...Valid result.
That's all, folks
Initializing Vector...
done!

Find min, max and range: 0.000027 secs
Create/Fill buckets and reallocate memory: 0.000199 secs
Sort buckets: 0.000087 secs
Put on the original array and free buckets: 0.000091 secs

Wall clock time: 0.000445 secs
Vector is sort...Valid result.
That's all, folks
Initializing Vector...
done!

Find min, max and range: 0.000029 secs
Create/Fill buckets and reallocate memory: 0.000166 secs
Sort buckets: 0.000089 secs
Put on the original array and free buckets: 0.000091 secs

Wall clock time: 0.000414 secs
Vector is sort...Valid result.
That's all, folks
Initializing Vector...
done!

Find min, max and range: 0.000050 secs
Create/Fill buckets and reallocate memory: 0.000910 secs
Sort buckets: 0.000377 secs
Put on the original array and free buckets: 0.000209 secs

Wall clock time: 0.001590 secs
Vector is sort...Valid result.
That's all, folks
Initializing Vector...
done!

Find min, max and range: 0.000059 secs
Create/Fill buckets and reallocate memory: 0.000846 secs
Sort buckets: 0.000351 secs
Put on the original array and free buckets: 0.000203 secs

Wall clock time: 0.001504 secs
Vector is sort...Valid result.
That's all, folks
Initializing Vector...
done!

Find min, max and range: 0.000052 secs
Create/Fill buckets and reallocate memory: 0.000882 secs
Sort buckets: 0.000390 secs
Put on the original array and free buckets: 0.000210 secs

Wall clock time: 0.001579 secs
Vector is sort...Valid result.
That's all, folks
Initializing Vector...
done!

Find min, max and range: 0.000062 secs
Create/Fill buckets and reallocate memory: 0.001237 secs
Sort buckets: 0.000419 secs
Put on the original array and free buckets: 0.000292 secs

Wall clock time: 0.002069 secs
Vector is sort...Valid result.
That's all, folks
Initializing Vector...
done!

Find min, max and range: 0.000051 secs
Create/Fill buckets and reallocate memory: 0.001127 secs
Sort buckets: 0.000377 secs
Put on the original array and free buckets: 0.000244 secs

Wall clock time: 0.001844 secs
Vector is sort...Valid result.
That's all, folks
Initializing Vector...
done!

Find min, max and range: 0.000051 secs
Create/Fill buckets and reallocate memory: 0.000991 secs
Sort buckets: 0.000368 secs
Put on the original array and free buckets: 0.000245 secs

Wall clock time: 0.001701 secs
Vector is sort...Valid result.
That's all, folks
Initializing Vector...
done!

Find min, max and range: 0.000052 secs
Create/Fill buckets and reallocate memory: 0.001030 secs
Sort buckets: 0.000419 secs
Put on the original array and free buckets: 0.000281 secs

Wall clock time: 0.001826 secs
Vector is sort...Valid result.
That's all, folks
Initializing Vector...
done!

Find min, max and range: 0.000052 secs
Create/Fill buckets and reallocate memory: 0.001034 secs
Sort buckets: 0.000433 secs
Put on the original array and free buckets: 0.000273 secs

Wall clock time: 0.001835 secs
Vector is sort...Valid result.
That's all, folks
Initializing Vector...
done!

Find min, max and range: 0.000050 secs
Create/Fill buckets and reallocate memory: 0.000965 secs
Sort buckets: 0.000400 secs
Put on the original array and free buckets: 0.000256 secs

Wall clock time: 0.001713 secs
Vector is sort...Valid result.
That's all, folks
Initializing Vector...
done!

Find min, max and range: 0.000911 secs
Create/Fill buckets and reallocate memory: 0.058132 secs
Sort buckets: 0.007328 secs
Put on the original array and free buckets: 0.005643 secs

Wall clock time: 0.072054 secs
Vector is sort...Valid result.
That's all, folks
Initializing Vector...
done!

Find min, max and range: 0.000978 secs
Create/Fill buckets and reallocate memory: 0.058030 secs
Sort buckets: 0.007552 secs
Put on the original array and free buckets: 0.005529 secs

Wall clock time: 0.072139 secs
Vector is sort...Valid result.
That's all, folks
Initializing Vector...
done!

Find min, max and range: 0.000978 secs
Create/Fill buckets and reallocate memory: 0.058058 secs
Sort buckets: 0.007870 secs
Put on the original array and free buckets: 0.005572 secs

Wall clock time: 0.072517 secs
Vector is sort...Valid result.
That's all, folks
Initializing Vector...
done!

Find min, max and range: 0.001332 secs
Create/Fill buckets and reallocate memory: 0.047144 secs
Sort buckets: 0.005690 secs
Put on the original array and free buckets: 0.005455 secs

Wall clock time: 0.059657 secs
Vector is sort...Valid result.
That's all, folks
Initializing Vector...
done!

Find min, max and range: 0.001019 secs
Create/Fill buckets and reallocate memory: 0.042005 secs
Sort buckets: 0.006515 secs
Put on the original array and free buckets: 0.005628 secs

Wall clock time: 0.055200 secs
Vector is sort...Valid result.
That's all, folks
Initializing Vector...
done!

Find min, max and range: 0.001230 secs
Create/Fill buckets and reallocate memory: 0.044399 secs
Sort buckets: 0.005735 secs
Put on the original array and free buckets: 0.005418 secs

Wall clock time: 0.056813 secs
Vector is sort...Valid result.
That's all, folks
Initializing Vector...
done!

Find min, max and range: 0.008239 secs
Create/Fill buckets and reallocate memory: 0.043041 secs
Sort buckets: 0.010036 secs
Put on the original array and free buckets: 0.122954 secs

Wall clock time: 0.184312 secs
Vector is sort...Valid result.
That's all, folks
Initializing Vector...
done!

Find min, max and range: 0.009691 secs
Create/Fill buckets and reallocate memory: 0.043352 secs
Sort buckets: 0.006585 secs
Put on the original array and free buckets: 0.026241 secs

Wall clock time: 0.085918 secs
Vector is sort...Valid result.
That's all, folks
Initializing Vector...
done!

Find min, max and range: 0.009301 secs
Create/Fill buckets and reallocate memory: 0.058515 secs
Sort buckets: 0.009344 secs
Put on the original array and free buckets: 0.108862 secs

Wall clock time: 0.186074 secs
Vector is sort...Valid result.
That's all, folks
Initializing Vector...
done!

Find min, max and range: 0.213923 secs
Create/Fill buckets and reallocate memory: 10.564964 secs
Sort buckets: 1.272791 secs
Put on the original array and free buckets: 0.779756 secs

Wall clock time: 12.831506 secs
Vector is sort...Valid result.
That's all, folks
Initializing Vector...
done!

Find min, max and range: 0.214512 secs
Create/Fill buckets and reallocate memory: 10.447249 secs
Sort buckets: 1.246011 secs
Put on the original array and free buckets: 0.766409 secs

Wall clock time: 12.674284 secs
Vector is sort...Valid result.
That's all, folks
Initializing Vector...
done!

Find min, max and range: 0.214511 secs
Create/Fill buckets and reallocate memory: 10.503318 secs
Sort buckets: 1.219226 secs
Put on the original array and free buckets: 0.807523 secs

Wall clock time: 12.744654 secs
Vector is sort...Valid result.
That's all, folks
Initializing Vector...
done!

Find min, max and range: 0.173336 secs
Create/Fill buckets and reallocate memory: 10.553059 secs
Sort buckets: 0.951492 secs
Put on the original array and free buckets: 0.802722 secs

Wall clock time: 12.480694 secs
Vector is sort...Valid result.
That's all, folks
Initializing Vector...
done!

Find min, max and range: 0.187018 secs
Create/Fill buckets and reallocate memory: 10.639203 secs
Sort buckets: 0.950943 secs
Put on the original array and free buckets: 0.745954 secs

Wall clock time: 12.523216 secs
Vector is sort...Valid result.
That's all, folks
Initializing Vector...
done!

Find min, max and range: 0.180440 secs
Create/Fill buckets and reallocate memory: 10.625550 secs
Sort buckets: 0.923099 secs
Put on the original array and free buckets: 0.743450 secs

Wall clock time: 12.472638 secs
Vector is sort...Valid result.
That's all, folks
Initializing Vector...
done!

Find min, max and range: 0.196124 secs
Create/Fill buckets and reallocate memory: 17.171189 secs
Sort buckets: 0.828682 secs
Put on the original array and free buckets: 0.975182 secs

Wall clock time: 19.171282 secs
Vector is sort...Valid result.
That's all, folks
Initializing Vector...
done!

Find min, max and range: 0.194800 secs
Create/Fill buckets and reallocate memory: 17.137569 secs
Sort buckets: 0.854136 secs
Put on the original array and free buckets: 0.961054 secs

Wall clock time: 19.147673 secs
Vector is sort...Valid result.
That's all, folks
Initializing Vector...
done!

Find min, max and range: 0.188014 secs
Create/Fill buckets and reallocate memory: 17.074552 secs
Sort buckets: 0.834799 secs
Put on the original array and free buckets: 0.935392 secs

Wall clock time: 19.032877 secs
Vector is sort...Valid result.
That's all, folks
