done!
Total of 10000000 elements!

Setting up PAPI...done!
This system has 11 available counters.

Initializing Vector...
done!

Find min, max and range: 0.002351 secs
Create/Fill buckets and reallocate memory: 0.063857 secs
Sort buckets: 0.031541 secs
Put on the original array and free buckets: 0.006710 secs

Wall clock time: 0.104808 secs
PAPI_TOT_CYC = 206721416
PAPI_TOT_INS = 293122204
PAPI_L1_DCM = 2770199
PAPI_L2_DCM = 863440
CPI = 0.71

Vector is sort...Valid result.
That's all, folks
done!
Total of 10000000 elements!

Setting up PAPI...done!
This system has 11 available counters.

Initializing Vector...
done!

Find min, max and range: 0.002074 secs
Create/Fill buckets and reallocate memory: 0.064649 secs
Sort buckets: 0.031723 secs
Put on the original array and free buckets: 0.006930 secs

Wall clock time: 0.105740 secs
PAPI_TOT_CYC = 208298305
PAPI_TOT_INS = 293102571
PAPI_L1_DCM = 2787586
PAPI_L2_DCM = 833947
CPI = 0.71

Vector is sort...Valid result.
That's all, folks
done!
Total of 10000000 elements!

Setting up PAPI...done!
This system has 11 available counters.

Initializing Vector...
done!

Find min, max and range: 0.001438 secs
Create/Fill buckets and reallocate memory: 0.063730 secs
Sort buckets: 0.028076 secs
Put on the original array and free buckets: 0.007004 secs

Wall clock time: 0.100612 secs
PAPI_TOT_CYC = 228210800
PAPI_TOT_INS = 291687566
PAPI_L1_DCM = 2760416
PAPI_L2_DCM = 800447
CPI = 0.78

Vector is sort...Valid result.
That's all, folks
done!
Total of 10000000 elements!

Setting up PAPI...done!
This system has 11 available counters.

Initializing Vector...
done!

Find min, max and range: 0.001973 secs
Create/Fill buckets and reallocate memory: 0.067330 secs
Sort buckets: 0.023313 secs
Put on the original array and free buckets: 0.008043 secs

Wall clock time: 0.101127 secs
PAPI_TOT_CYC = 188270122
PAPI_TOT_INS = 245704486
PAPI_L1_DCM = 2118388
PAPI_L2_DCM = 509221
CPI = 0.77

Vector is sort...Valid result.
That's all, folks
done!
Total of 10000000 elements!

Setting up PAPI...done!
This system has 11 available counters.

Initializing Vector...
done!

Find min, max and range: 0.001612 secs
Create/Fill buckets and reallocate memory: 0.067368 secs
Sort buckets: 0.017851 secs
Put on the original array and free buckets: 0.007688 secs

Wall clock time: 0.094882 secs
PAPI_TOT_CYC = 192868138
PAPI_TOT_INS = 243443675
PAPI_L1_DCM = 2117317
PAPI_L2_DCM = 517842
CPI = 0.79

Vector is sort...Valid result.
That's all, folks
done!
Total of 10000000 elements!

Setting up PAPI...done!
This system has 11 available counters.

Initializing Vector...
done!

Find min, max and range: 0.001988 secs
Create/Fill buckets and reallocate memory: 0.065382 secs
Sort buckets: 0.023877 secs
Put on the original array and free buckets: 0.008012 secs

Wall clock time: 0.099611 secs
PAPI_TOT_CYC = 188739890
PAPI_TOT_INS = 245718185
PAPI_L1_DCM = 2115890
PAPI_L2_DCM = 513899
CPI = 0.77

Vector is sort...Valid result.
That's all, folks
done!
Total of 10000000 elements!

Setting up PAPI...done!
This system has 11 available counters.

Initializing Vector...
done!

Find min, max and range: 0.001810 secs
Create/Fill buckets and reallocate memory: 0.067893 secs
Sort buckets: 0.012508 secs
Put on the original array and free buckets: 0.008624 secs

Wall clock time: 0.091187 secs
PAPI_TOT_CYC = 190328235
PAPI_TOT_INS = 242088389
PAPI_L1_DCM = 2275541
PAPI_L2_DCM = 1115275
CPI = 0.79

Vector is sort...Valid result.
That's all, folks
done!
Total of 10000000 elements!

Setting up PAPI...done!
This system has 11 available counters.

Initializing Vector...
done!

Find min, max and range: 0.001825 secs
Create/Fill buckets and reallocate memory: 0.067913 secs
Sort buckets: 0.011979 secs
Put on the original array and free buckets: 0.008552 secs

Wall clock time: 0.090618 secs
PAPI_TOT_CYC = 188876358
PAPI_TOT_INS = 241800625
PAPI_L1_DCM = 2255038
PAPI_L2_DCM = 1103391
CPI = 0.78

Vector is sort...Valid result.
That's all, folks
done!
Total of 10000000 elements!

Setting up PAPI...done!
This system has 11 available counters.

Initializing Vector...
done!

Find min, max and range: 0.001995 secs
Create/Fill buckets and reallocate memory: 0.069660 secs
Sort buckets: 0.018061 secs
Put on the original array and free buckets: 0.008448 secs

Wall clock time: 0.098641 secs
PAPI_TOT_CYC = 190995920
PAPI_TOT_INS = 245595226
PAPI_L1_DCM = 2268841
PAPI_L2_DCM = 1153456
CPI = 0.78

Vector is sort...Valid result.
That's all, folks
done!
Total of 10000000 elements!

Setting up PAPI...done!
This system has 11 available counters.

Initializing Vector...
done!

Find min, max and range: 0.001937 secs
Create/Fill buckets and reallocate memory: 0.071480 secs
Sort buckets: 0.014327 secs
Put on the original array and free buckets: 0.008891 secs

Wall clock time: 0.096977 secs
PAPI_TOT_CYC = 194241052
PAPI_TOT_INS = 246238711
PAPI_L1_DCM = 2559113
PAPI_L2_DCM = 1399812
CPI = 0.79

Vector is sort...Valid result.
That's all, folks
done!
Total of 10000000 elements!

Setting up PAPI...done!
This system has 11 available counters.

Initializing Vector...
done!

Find min, max and range: 0.001812 secs
Create/Fill buckets and reallocate memory: 0.071394 secs
Sort buckets: 0.009871 secs
Put on the original array and free buckets: 0.008910 secs

Wall clock time: 0.092333 secs
PAPI_TOT_CYC = 189506476
PAPI_TOT_INS = 243445140
PAPI_L1_DCM = 2558104
PAPI_L2_DCM = 1397346
CPI = 0.78

Vector is sort...Valid result.
That's all, folks
done!
Total of 10000000 elements!

Setting up PAPI...done!
This system has 11 available counters.

Initializing Vector...
done!

Find min, max and range: 0.001683 secs
Create/Fill buckets and reallocate memory: 0.071231 secs
Sort buckets: 0.009962 secs
Put on the original array and free buckets: 0.008772 secs

Wall clock time: 0.091993 secs
PAPI_TOT_CYC = 188333708
PAPI_TOT_INS = 243372467
PAPI_L1_DCM = 2574062
PAPI_L2_DCM = 1398363
CPI = 0.77

Vector is sort...Valid result.
That's all, folks
done!
Total of 10000000 elements!

Setting up PAPI...done!
This system has 11 available counters.

Initializing Vector...
done!

Find min, max and range: 0.001682 secs
Create/Fill buckets and reallocate memory: 0.074391 secs
Sort buckets: 0.008653 secs
Put on the original array and free buckets: 0.009084 secs

Wall clock time: 0.094149 secs
PAPI_TOT_CYC = 194221652
PAPI_TOT_INS = 240382057
PAPI_L1_DCM = 3273097
PAPI_L2_DCM = 1483425
CPI = 0.81

Vector is sort...Valid result.
That's all, folks
done!
Total of 10000000 elements!

Setting up PAPI...done!
This system has 11 available counters.

Initializing Vector...
done!

Find min, max and range: 0.001929 secs
Create/Fill buckets and reallocate memory: 0.074567 secs
Sort buckets: 0.012983 secs
Put on the original array and free buckets: 0.009191 secs

Wall clock time: 0.099115 secs
PAPI_TOT_CYC = 199909652
PAPI_TOT_INS = 243685967
PAPI_L1_DCM = 3247561
PAPI_L2_DCM = 1484766
CPI = 0.82

Vector is sort...Valid result.
That's all, folks
done!
Total of 10000000 elements!

Setting up PAPI...done!
This system has 11 available counters.

Initializing Vector...
done!

Find min, max and range: 0.001871 secs
Create/Fill buckets and reallocate memory: 0.074292 secs
Sort buckets: 0.011609 secs
Put on the original array and free buckets: 0.009247 secs

Wall clock time: 0.097356 secs
PAPI_TOT_CYC = 199892061
PAPI_TOT_INS = 243140980
PAPI_L1_DCM = 3264788
PAPI_L2_DCM = 1488168
CPI = 0.82

Vector is sort...Valid result.
That's all, folks
done!
Total of 10000000 elements!

Setting up PAPI...done!
This system has 11 available counters.

Initializing Vector...
done!

Find min, max and range: 0.001866 secs
Create/Fill buckets and reallocate memory: 0.078930 secs
Sort buckets: 0.012356 secs
Put on the original array and free buckets: 0.010331 secs

Wall clock time: 0.103823 secs
PAPI_TOT_CYC = 215552280
PAPI_TOT_INS = 241211735
PAPI_L1_DCM = 5765508
PAPI_L2_DCM = 1523386
CPI = 0.89

Vector is sort...Valid result.
That's all, folks
done!
Total of 10000000 elements!

Setting up PAPI...done!
This system has 11 available counters.

Initializing Vector...
done!

Find min, max and range: 0.001676 secs
Create/Fill buckets and reallocate memory: 0.080676 secs
Sort buckets: 0.012301 secs
Put on the original array and free buckets: 0.010143 secs

Wall clock time: 0.105150 secs
PAPI_TOT_CYC = 216349603
PAPI_TOT_INS = 240702061
PAPI_L1_DCM = 5787661
PAPI_L2_DCM = 1514406
CPI = 0.90

Vector is sort...Valid result.
That's all, folks
done!
Total of 10000000 elements!

Setting up PAPI...done!
This system has 11 available counters.

Initializing Vector...
done!

Find min, max and range: 0.001913 secs
Create/Fill buckets and reallocate memory: 0.080889 secs
Sort buckets: 0.008645 secs
Put on the original array and free buckets: 0.010211 secs

Wall clock time: 0.102000 secs
PAPI_TOT_CYC = 218993602
PAPI_TOT_INS = 240910891
PAPI_L1_DCM = 5778730
PAPI_L2_DCM = 1523825
CPI = 0.91

Vector is sort...Valid result.
That's all, folks
done!
Total of 10000000 elements!

Setting up PAPI...done!
This system has 11 available counters.

Initializing Vector...
done!

Find min, max and range: 0.002568 secs
Create/Fill buckets and reallocate memory: 0.090932 secs
Sort buckets: 0.012029 secs
Put on the original array and free buckets: 0.010199 secs

Wall clock time: 0.116199 secs
PAPI_TOT_CYC = 241074124
PAPI_TOT_INS = 239340765
PAPI_L1_DCM = 14269116
PAPI_L2_DCM = 1627530
CPI = 1.01

Vector is sort...Valid result.
That's all, folks
done!
Total of 10000000 elements!

Setting up PAPI...done!
This system has 11 available counters.

Initializing Vector...
done!

Find min, max and range: 0.001912 secs
Create/Fill buckets and reallocate memory: 0.088379 secs
Sort buckets: 0.007218 secs
Put on the original array and free buckets: 0.010804 secs

Wall clock time: 0.108649 secs
PAPI_TOT_CYC = 241806487
PAPI_TOT_INS = 239035210
PAPI_L1_DCM = 14263378
PAPI_L2_DCM = 1615365
CPI = 1.01

Vector is sort...Valid result.
That's all, folks
done!
Total of 10000000 elements!

Setting up PAPI...done!
This system has 11 available counters.

Initializing Vector...
done!

Find min, max and range: 0.001917 secs
Create/Fill buckets and reallocate memory: 0.095700 secs
Sort buckets: 0.011939 secs
Put on the original array and free buckets: 0.009551 secs

Wall clock time: 0.119437 secs
PAPI_TOT_CYC = 242691264
PAPI_TOT_INS = 241177883
PAPI_L1_DCM = 13984632
PAPI_L2_DCM = 1575543
CPI = 1.01

Vector is sort...Valid result.
That's all, folks
done!
Total of 10000000 elements!

Setting up PAPI...done!
This system has 11 available counters.

Initializing Vector...
done!

Find min, max and range: 0.001995 secs
Create/Fill buckets and reallocate memory: 0.108007 secs
Sort buckets: 0.012054 secs
Put on the original array and free buckets: 0.014477 secs

Wall clock time: 0.136857 secs
PAPI_TOT_CYC = 313870268
PAPI_TOT_INS = 242298585
PAPI_L1_DCM = 25287860
PAPI_L2_DCM = 2784393
CPI = 1.30

Vector is sort...Valid result.
That's all, folks
done!
Total of 10000000 elements!

Setting up PAPI...done!
This system has 11 available counters.

Initializing Vector...
done!

Find min, max and range: 0.001879 secs
Create/Fill buckets and reallocate memory: 0.108015 secs
Sort buckets: 0.007475 secs
Put on the original array and free buckets: 0.014363 secs

Wall clock time: 0.132067 secs
PAPI_TOT_CYC = 308532447
PAPI_TOT_INS = 239735875
PAPI_L1_DCM = 25282039
PAPI_L2_DCM = 2717105
CPI = 1.29

Vector is sort...Valid result.
That's all, folks
done!
Total of 10000000 elements!

Setting up PAPI...done!
This system has 11 available counters.

Initializing Vector...
done!

Find min, max and range: 0.001856 secs
Create/Fill buckets and reallocate memory: 0.110664 secs
Sort buckets: 0.007561 secs
Put on the original array and free buckets: 0.014519 secs

Wall clock time: 0.134947 secs
PAPI_TOT_CYC = 316430338
PAPI_TOT_INS = 239834101
PAPI_L1_DCM = 25286332
PAPI_L2_DCM = 3280570
CPI = 1.32

Vector is sort...Valid result.
That's all, folks
done!
Total of 10000000 elements!

Setting up PAPI...done!
This system has 11 available counters.

Initializing Vector...
done!

Find min, max and range: 0.001826 secs
Create/Fill buckets and reallocate memory: 0.145504 secs
Sort buckets: 0.007841 secs
Put on the original array and free buckets: 0.020818 secs

Wall clock time: 0.176326 secs
PAPI_TOT_CYC = 435803292
PAPI_TOT_INS = 245328146
PAPI_L1_DCM = 32983031
PAPI_L2_DCM = 7236584
CPI = 1.78

Vector is sort...Valid result.
That's all, folks
done!
Total of 10000000 elements!

Setting up PAPI...done!
This system has 11 available counters.

Initializing Vector...
done!

Find min, max and range: 0.001894 secs
Create/Fill buckets and reallocate memory: 0.144578 secs
Sort buckets: 0.012561 secs
Put on the original array and free buckets: 0.020615 secs

Wall clock time: 0.179997 secs
PAPI_TOT_CYC = 436905728
PAPI_TOT_INS = 247229700
PAPI_L1_DCM = 32228176
PAPI_L2_DCM = 7533659
CPI = 1.77

Vector is sort...Valid result.
That's all, folks
done!
Total of 10000000 elements!

Setting up PAPI...done!
This system has 11 available counters.

Initializing Vector...
done!

Find min, max and range: 0.001863 secs
Create/Fill buckets and reallocate memory: 0.143914 secs
Sort buckets: 0.007916 secs
Put on the original array and free buckets: 0.020471 secs

Wall clock time: 0.174500 secs
PAPI_TOT_CYC = 431533763
PAPI_TOT_INS = 245467864
PAPI_L1_DCM = 32223772
PAPI_L2_DCM = 7342398
CPI = 1.76

Vector is sort...Valid result.
That's all, folks
