Initializing Vector...
done!

Find min, max and range: 0.000032 secs
Create/Fill buckets and reallocate memory: 0.000159 secs
Sort buckets: 0.000135 secs
Put on the original array and free buckets: 0.000036 secs

Wall clock time: 0.000402 secs
Vector is sort...Valid result.
That's all, folks
Initializing Vector...
done!

Find min, max and range: 0.000027 secs
Create/Fill buckets and reallocate memory: 0.000136 secs
Sort buckets: 0.000135 secs
Put on the original array and free buckets: 0.000036 secs

Wall clock time: 0.000373 secs
Vector is sort...Valid result.
That's all, folks
Initializing Vector...
done!

Find min, max and range: 0.000027 secs
Create/Fill buckets and reallocate memory: 0.000134 secs
Sort buckets: 0.000131 secs
Put on the original array and free buckets: 0.000035 secs

Wall clock time: 0.000366 secs
Vector is sort...Valid result.
That's all, folks
Initializing Vector...
done!

Find min, max and range: 0.000028 secs
Create/Fill buckets and reallocate memory: 0.000151 secs
Sort buckets: 0.000154 secs
Put on the original array and free buckets: 0.000064 secs

Wall clock time: 0.000462 secs
Vector is sort...Valid result.
That's all, folks
Initializing Vector...
done!

Find min, max and range: 0.000028 secs
Create/Fill buckets and reallocate memory: 0.000148 secs
Sort buckets: 0.000155 secs
Put on the original array and free buckets: 0.000063 secs

Wall clock time: 0.000434 secs
Vector is sort...Valid result.
That's all, folks
Initializing Vector...
done!

Find min, max and range: 0.000027 secs
Create/Fill buckets and reallocate memory: 0.000147 secs
Sort buckets: 0.000171 secs
Put on the original array and free buckets: 0.000065 secs

Wall clock time: 0.000448 secs
Vector is sort...Valid result.
That's all, folks
Initializing Vector...
done!

Find min, max and range: 0.000029 secs
Create/Fill buckets and reallocate memory: 0.000168 secs
Sort buckets: 0.000194 secs
Put on the original array and free buckets: 0.000091 secs

Wall clock time: 0.000522 secs
Vector is sort...Valid result.
That's all, folks
Initializing Vector...
done!

Find min, max and range: 0.000028 secs
Create/Fill buckets and reallocate memory: 0.000168 secs
Sort buckets: 0.000197 secs
Put on the original array and free buckets: 0.000103 secs

Wall clock time: 0.000534 secs
Vector is sort...Valid result.
That's all, folks
Initializing Vector...
done!

Find min, max and range: 0.000028 secs
Create/Fill buckets and reallocate memory: 0.000166 secs
Sort buckets: 0.000195 secs
Put on the original array and free buckets: 0.000092 secs

Wall clock time: 0.000522 secs
Vector is sort...Valid result.
That's all, folks
Initializing Vector...
done!

Find min, max and range: 0.000050 secs
Create/Fill buckets and reallocate memory: 0.000944 secs
Sort buckets: 0.000858 secs
Put on the original array and free buckets: 0.000200 secs

Wall clock time: 0.002094 secs
Vector is sort...Valid result.
That's all, folks
Initializing Vector...
done!

Find min, max and range: 0.000050 secs
Create/Fill buckets and reallocate memory: 0.000950 secs
Sort buckets: 0.000862 secs
Put on the original array and free buckets: 0.000200 secs

Wall clock time: 0.002104 secs
Vector is sort...Valid result.
That's all, folks
Initializing Vector...
done!

Find min, max and range: 0.000048 secs
Create/Fill buckets and reallocate memory: 0.000877 secs
Sort buckets: 0.000827 secs
Put on the original array and free buckets: 0.000189 secs

Wall clock time: 0.001982 secs
Vector is sort...Valid result.
That's all, folks
Initializing Vector...
done!

Find min, max and range: 0.000046 secs
Create/Fill buckets and reallocate memory: 0.000862 secs
Sort buckets: 0.000784 secs
Put on the original array and free buckets: 0.000187 secs

Wall clock time: 0.001921 secs
Vector is sort...Valid result.
That's all, folks
Initializing Vector...
done!

Find min, max and range: 0.000047 secs
Create/Fill buckets and reallocate memory: 0.000844 secs
Sort buckets: 0.000788 secs
Put on the original array and free buckets: 0.000188 secs

Wall clock time: 0.001905 secs
Vector is sort...Valid result.
That's all, folks
Initializing Vector...
done!

Find min, max and range: 0.000049 secs
Create/Fill buckets and reallocate memory: 0.000882 secs
Sort buckets: 0.000801 secs
Put on the original array and free buckets: 0.000197 secs

Wall clock time: 0.001971 secs
Vector is sort...Valid result.
That's all, folks
Initializing Vector...
done!

Find min, max and range: 0.000047 secs
Create/Fill buckets and reallocate memory: 0.000912 secs
Sort buckets: 0.000872 secs
Put on the original array and free buckets: 0.000218 secs

Wall clock time: 0.002090 secs
Vector is sort...Valid result.
That's all, folks
Initializing Vector...
done!

Find min, max and range: 0.000048 secs
Create/Fill buckets and reallocate memory: 0.000834 secs
Sort buckets: 0.000812 secs
Put on the original array and free buckets: 0.000206 secs

Wall clock time: 0.001939 secs
Vector is sort...Valid result.
That's all, folks
Initializing Vector...
done!

Find min, max and range: 0.000046 secs
Create/Fill buckets and reallocate memory: 0.000890 secs
Sort buckets: 0.000804 secs
Put on the original array and free buckets: 0.000217 secs

Wall clock time: 0.001995 secs
Vector is sort...Valid result.
That's all, folks
Initializing Vector...
done!

Find min, max and range: 0.001079 secs
Create/Fill buckets and reallocate memory: 0.058519 secs
Sort buckets: 0.016093 secs
Put on the original array and free buckets: 0.005673 secs

Wall clock time: 0.081403 secs
Vector is sort...Valid result.
That's all, folks
Initializing Vector...
done!

Find min, max and range: 0.001213 secs
Create/Fill buckets and reallocate memory: 0.056122 secs
Sort buckets: 0.016681 secs
Put on the original array and free buckets: 0.005442 secs

Wall clock time: 0.079495 secs
Vector is sort...Valid result.
That's all, folks
Initializing Vector...
done!

Find min, max and range: 0.000832 secs
Create/Fill buckets and reallocate memory: 0.058103 secs
Sort buckets: 0.015821 secs
Put on the original array and free buckets: 0.005791 secs

Wall clock time: 0.080584 secs
Vector is sort...Valid result.
That's all, folks
Initializing Vector...
done!

Find min, max and range: 0.001202 secs
Create/Fill buckets and reallocate memory: 0.046562 secs
Sort buckets: 0.015107 secs
Put on the original array and free buckets: 0.005665 secs

Wall clock time: 0.068580 secs
Vector is sort...Valid result.
That's all, folks
Initializing Vector...
done!

Find min, max and range: 0.001119 secs
Create/Fill buckets and reallocate memory: 0.042497 secs
Sort buckets: 0.013423 secs
Put on the original array and free buckets: 0.005632 secs

Wall clock time: 0.062701 secs
Vector is sort...Valid result.
That's all, folks
Initializing Vector...
done!

Find min, max and range: 0.000940 secs
Create/Fill buckets and reallocate memory: 0.042670 secs
Sort buckets: 0.013257 secs
Put on the original array and free buckets: 0.005889 secs

Wall clock time: 0.062791 secs
Vector is sort...Valid result.
That's all, folks
Initializing Vector...
done!

Find min, max and range: 0.006180 secs
Create/Fill buckets and reallocate memory: 0.045024 secs
Sort buckets: 0.011331 secs
Put on the original array and free buckets: 0.159220 secs

Wall clock time: 0.221801 secs
Vector is sort...Valid result.
That's all, folks
Initializing Vector...
done!

Find min, max and range: 0.009627 secs
Create/Fill buckets and reallocate memory: 0.059932 secs
Sort buckets: 0.010319 secs
Put on the original array and free buckets: 0.096341 secs

Wall clock time: 0.176274 secs
Vector is sort...Valid result.
That's all, folks
Initializing Vector...
done!

Find min, max and range: 0.006577 secs
Create/Fill buckets and reallocate memory: 0.061342 secs
Sort buckets: 0.011141 secs
Put on the original array and free buckets: 0.057556 secs

Wall clock time: 0.136663 secs
Vector is sort...Valid result.
That's all, folks
Initializing Vector...
done!

Find min, max and range: 0.213900 secs
Create/Fill buckets and reallocate memory: 10.451294 secs
Sort buckets: 4.787801 secs
Put on the original array and free buckets: 0.987925 secs

Wall clock time: 16.441004 secs
Vector is sort...Valid result.
That's all, folks
Initializing Vector...
done!

Find min, max and range: 0.213736 secs
Create/Fill buckets and reallocate memory: 10.429089 secs
Sort buckets: 4.632606 secs
Put on the original array and free buckets: 0.850500 secs

Wall clock time: 16.126019 secs
Vector is sort...Valid result.
That's all, folks
Initializing Vector...
done!

Find min, max and range: 0.174336 secs
Create/Fill buckets and reallocate memory: 10.400127 secs
Sort buckets: 5.019395 secs
Put on the original array and free buckets: 0.815693 secs

Wall clock time: 16.409636 secs
Vector is sort...Valid result.
That's all, folks
Initializing Vector...
done!

Find min, max and range: 0.181450 secs
Create/Fill buckets and reallocate memory: 10.776947 secs
Sort buckets: 3.032747 secs
Put on the original array and free buckets: 0.886323 secs

Wall clock time: 14.877557 secs
Vector is sort...Valid result.
That's all, folks
Initializing Vector...
done!

Find min, max and range: 0.201386 secs
Create/Fill buckets and reallocate memory: 10.846421 secs
Sort buckets: 2.937762 secs
Put on the original array and free buckets: 0.893406 secs

Wall clock time: 14.879064 secs
Vector is sort...Valid result.
That's all, folks
Initializing Vector...
done!

Find min, max and range: 0.168260 secs
Create/Fill buckets and reallocate memory: 10.734557 secs
Sort buckets: 3.303455 secs
Put on the original array and free buckets: 0.975719 secs

Wall clock time: 15.182069 secs
Vector is sort...Valid result.
That's all, folks
Initializing Vector...
done!

Find min, max and range: 0.193491 secs
Create/Fill buckets and reallocate memory: 17.268780 secs
Sort buckets: 2.604614 secs
Put on the original array and free buckets: 0.894343 secs

Wall clock time: 20.961325 secs
Vector is sort...Valid result.
That's all, folks
Initializing Vector...
done!

Find min, max and range: 0.192042 secs
Create/Fill buckets and reallocate memory: 17.098319 secs
Sort buckets: 2.596509 secs
Put on the original array and free buckets: 1.014561 secs

Wall clock time: 20.901541 secs
Vector is sort...Valid result.
That's all, folks
Initializing Vector...
done!

Find min, max and range: 0.191016 secs
Create/Fill buckets and reallocate memory: 16.971477 secs
Sort buckets: 2.591976 secs
Put on the original array and free buckets: 1.050999 secs

Wall clock time: 20.805574 secs
Vector is sort...Valid result.
That's all, folks
